// Jest Snapshot v1, https://goo.gl/fbAQLP

exports[`has 1 child 1`] = `
<View
  style={
    Array [
      Object {
        "alignItems": "center",
        "flexBasis": 0,
        "flexGrow": 1,
        "flexShrink": 1,
        "justifyContent": "center",
      },
    ]
  }
>
  <Text
    style={
      Array [
        Object {},
      ]
    }
  >
    No results
  </Text>
</View>
`;
